2025-04-15 06:58:33.846164 - Received CBT.V508.FILE944.PDS from FILE944.XMI 
2025-04-15 06:58:33.849798 - Found $$$#DATE.txt (text/plain) in CBT.V508.FILE944.PDS, moved to PDS/$$$#DATE
2025-04-15 06:58:33.849966 - Found @FILE944.txt (text/plain) in CBT.V508.FILE944.PDS, moved to PDS/@FILE944
2025-04-15 06:58:33.850090 - Found N001A00I.txt (text/plain) in CBT.V508.FILE944.PDS, moved to PDS/N001A00I
2025-04-15 06:58:33.850213 - Found N001A01.txt (text/plain) in CBT.V508.FILE944.PDS, moved to PDS/N001A01
2025-04-15 06:58:33.850343 - Found N001A02.txt (text/plain) in CBT.V508.FILE944.PDS, moved to PDS/N001A02
2025-04-15 06:58:33.850442 - Found N001A03.txt (text/plain) in CBT.V508.FILE944.PDS, moved to PDS/N001A03
2025-04-15 06:58:33.850563 - Found N001A04.txt (text/plain) in CBT.V508.FILE944.PDS, moved to PDS/N001A04
2025-04-15 06:58:33.850673 - Found N001A05.txt (text/plain) in CBT.V508.FILE944.PDS, moved to PDS/N001A05
2025-04-15 06:58:33.850848 - Found N001A06.txt (text/plain) in CBT.V508.FILE944.PDS, moved to PDS/N001A06
2025-04-15 06:58:33.850961 - Found N001A07.txt (text/plain) in CBT.V508.FILE944.PDS, moved to PDS/N001A07
2025-04-15 06:58:33.851074 - Found N001A08.txt (text/plain) in CBT.V508.FILE944.PDS, moved to PDS/N001A08
2025-04-15 06:58:33.851168 - Found N001A09.txt (text/plain) in CBT.V508.FILE944.PDS, moved to PDS/N001A09
2025-04-15 06:58:33.851273 - Found N001A10.txt (text/plain) in CBT.V508.FILE944.PDS, moved to PDS/N001A10
2025-04-15 06:58:33.851376 - Found N001A11.txt (text/plain) in CBT.V508.FILE944.PDS, moved to PDS/N001A11
2025-04-15 06:58:33.851479 - Found N001A12.txt (text/plain) in CBT.V508.FILE944.PDS, moved to PDS/N001A12
2025-04-15 06:58:33.851568 - Found N002A00I.txt (text/plain) in CBT.V508.FILE944.PDS, moved to PDS/N002A00I
2025-04-15 06:58:33.851677 - Found N002A01.txt (text/plain) in CBT.V508.FILE944.PDS, moved to PDS/N002A01
2025-04-15 06:58:33.851844 - Found N002A02.txt (text/plain) in CBT.V508.FILE944.PDS, moved to PDS/N002A02
2025-04-15 06:58:33.851951 - Found N002A03.txt (text/plain) in CBT.V508.FILE944.PDS, moved to PDS/N002A03
2025-04-15 06:58:33.852052 - Found N002A04.txt (text/plain) in CBT.V508.FILE944.PDS, moved to PDS/N002A04
2025-04-15 06:58:33.852242 - Found N002A05.txt (text/plain) in CBT.V508.FILE944.PDS, moved to PDS/N002A05
2025-04-15 06:58:33.852351 - Found N002A06.txt (text/plain) in CBT.V508.FILE944.PDS, moved to PDS/N002A06
2025-04-15 06:58:33.852451 - Found N002A07.txt (text/plain) in CBT.V508.FILE944.PDS, moved to PDS/N002A07
2025-04-15 06:58:33.852558 - Found N002A08.txt (text/plain) in CBT.V508.FILE944.PDS, moved to PDS/N002A08
2025-04-15 06:58:33.852662 - Found N002A09.txt (text/plain) in CBT.V508.FILE944.PDS, moved to PDS/N002A09
2025-04-15 06:58:33.852751 - Found N003A00I.txt (text/plain) in CBT.V508.FILE944.PDS, moved to PDS/N003A00I
2025-04-15 06:58:33.852864 - Found N003A01.txt (text/plain) in CBT.V508.FILE944.PDS, moved to PDS/N003A01
2025-04-15 06:58:33.853064 - Found N003A02.txt (text/plain) in CBT.V508.FILE944.PDS, moved to PDS/N003A02
2025-04-15 06:58:33.853257 - Found N003A03.txt (text/plain) in CBT.V508.FILE944.PDS, moved to PDS/N003A03
2025-04-15 06:58:33.853366 - Found N003A04.txt (text/plain) in CBT.V508.FILE944.PDS, moved to PDS/N003A04
2025-04-15 06:58:33.853459 - Found N003A05.txt (text/plain) in CBT.V508.FILE944.PDS, moved to PDS/N003A05
2025-04-15 06:58:33.853574 - Found N003A06.txt (text/plain) in CBT.V508.FILE944.PDS, moved to PDS/N003A06
2025-04-15 06:58:33.853749 - Found N003A07.txt (text/plain) in CBT.V508.FILE944.PDS, moved to PDS/N003A07
2025-04-15 06:58:33.853882 - Found N003A08.bin (application/octet-stream) in CBT.V508.FILE944.PDS, moved to PDS/N003A08
2025-04-15 06:58:33.853986 - Found N004A00I.txt (text/plain) in CBT.V508.FILE944.PDS, moved to PDS/N004A00I
2025-04-15 06:58:33.854077 - Found N004A01.txt (text/plain) in CBT.V508.FILE944.PDS, moved to PDS/N004A01
2025-04-15 06:58:33.854187 - Found N004A02.txt (text/plain) in CBT.V508.FILE944.PDS, moved to PDS/N004A02
2025-04-15 06:58:33.854291 - Found N004A03.txt (text/plain) in CBT.V508.FILE944.PDS, moved to PDS/N004A03
2025-04-15 06:58:33.854566 - Found N004A04.txt (text/plain) in CBT.V508.FILE944.PDS, moved to PDS/N004A04
2025-04-15 06:58:33.854696 - Found N004A05.txt (text/plain) in CBT.V508.FILE944.PDS, moved to PDS/N004A05
2025-04-15 06:58:33.854853 - Found N004A06.txt (text/plain) in CBT.V508.FILE944.PDS, moved to PDS/N004A06
2025-04-15 06:58:33.854959 - Found N004A07.txt (text/plain) in CBT.V508.FILE944.PDS, moved to PDS/N004A07
2025-04-15 06:58:33.855084 - Found N004A08.txt (text/plain) in CBT.V508.FILE944.PDS, moved to PDS/N004A08
2025-04-15 06:58:33.855183 - Found N005A00I.txt (text/plain) in CBT.V508.FILE944.PDS, moved to PDS/N005A00I
2025-04-15 06:58:33.855299 - Found N005A01.txt (text/plain) in CBT.V508.FILE944.PDS, moved to PDS/N005A01
2025-04-15 06:58:33.855401 - Found N005A02.txt (text/plain) in CBT.V508.FILE944.PDS, moved to PDS/N005A02
2025-04-15 06:58:33.855553 - Found N005A03.txt (text/plain) in CBT.V508.FILE944.PDS, moved to PDS/N005A03
2025-04-15 06:58:33.855714 - Found N005A04.txt (text/plain) in CBT.V508.FILE944.PDS, moved to PDS/N005A04
2025-04-15 06:58:33.855837 - Found N005A05.txt (text/plain) in CBT.V508.FILE944.PDS, moved to PDS/N005A05
2025-04-15 06:58:33.855950 - Found N005A06.txt (text/plain) in CBT.V508.FILE944.PDS, moved to PDS/N005A06
2025-04-15 06:58:33.856117 - Found N005A07.txt (text/plain) in CBT.V508.FILE944.PDS, moved to PDS/N005A07
2025-04-15 06:58:33.856248 - Found N005A08.txt (text/plain) in CBT.V508.FILE944.PDS, moved to PDS/N005A08
2025-04-15 06:58:33.856341 - Found N006A00I.txt (text/plain) in CBT.V508.FILE944.PDS, moved to PDS/N006A00I
2025-04-15 06:58:33.856491 - Found N006A01.txt (text/plain) in CBT.V508.FILE944.PDS, moved to PDS/N006A01
2025-04-15 06:58:33.856606 - Found N006A02.txt (text/plain) in CBT.V508.FILE944.PDS, moved to PDS/N006A02
2025-04-15 06:58:33.856876 - Found N006A03.txt (text/plain) in CBT.V508.FILE944.PDS, moved to PDS/N006A03
2025-04-15 06:58:33.856987 - Found N006A04.txt (text/plain) in CBT.V508.FILE944.PDS, moved to PDS/N006A04
2025-04-15 06:58:33.857098 - Found N006A05.txt (text/plain) in CBT.V508.FILE944.PDS, moved to PDS/N006A05
2025-04-15 06:58:33.857194 - Found N006A06.txt (text/plain) in CBT.V508.FILE944.PDS, moved to PDS/N006A06
2025-04-15 06:58:33.857309 - Found N006A07.txt (text/plain) in CBT.V508.FILE944.PDS, moved to PDS/N006A07
2025-04-15 06:58:33.857408 - Found N006A08.txt (text/plain) in CBT.V508.FILE944.PDS, moved to PDS/N006A08
2025-04-15 06:58:33.857504 - Found N007A00I.txt (text/plain) in CBT.V508.FILE944.PDS, moved to PDS/N007A00I
2025-04-15 06:58:33.857670 - Found N007A01.txt (text/plain) in CBT.V508.FILE944.PDS, moved to PDS/N007A01
2025-04-15 06:58:33.857774 - Found N007A02.txt (text/plain) in CBT.V508.FILE944.PDS, moved to PDS/N007A02
2025-04-15 06:58:33.857969 - Found N007A03.txt (text/plain) in CBT.V508.FILE944.PDS, moved to PDS/N007A03
2025-04-15 06:58:33.858145 - Found N007A04.txt (text/plain) in CBT.V508.FILE944.PDS, moved to PDS/N007A04
2025-04-15 06:58:33.858243 - Found N007A05.txt (text/plain) in CBT.V508.FILE944.PDS, moved to PDS/N007A05
2025-04-15 06:58:33.858416 - Found N007A06.txt (text/plain) in CBT.V508.FILE944.PDS, moved to PDS/N007A06
2025-04-15 06:58:33.858534 - Found N007A07.txt (text/plain) in CBT.V508.FILE944.PDS, moved to PDS/N007A07
2025-04-15 06:58:33.858626 - Found N007A08.txt (text/plain) in CBT.V508.FILE944.PDS, moved to PDS/N007A08
2025-04-15 06:58:33.858717 - Found N008A00I.txt (text/plain) in CBT.V508.FILE944.PDS, moved to PDS/N008A00I
2025-04-15 06:58:33.858843 - Found N008A01.txt (text/plain) in CBT.V508.FILE944.PDS, moved to PDS/N008A01
2025-04-15 06:58:33.859027 - Found N008A02.txt (text/plain) in CBT.V508.FILE944.PDS, moved to PDS/N008A02
2025-04-15 06:58:33.859135 - Found N008A03.txt (text/plain) in CBT.V508.FILE944.PDS, moved to PDS/N008A03
2025-04-15 06:58:33.859242 - Found N008A04.txt (text/plain) in CBT.V508.FILE944.PDS, moved to PDS/N008A04
2025-04-15 06:58:33.859424 - Found N008A05.txt (text/plain) in CBT.V508.FILE944.PDS, moved to PDS/N008A05
2025-04-15 06:58:33.859542 - Found N008A06.txt (text/plain) in CBT.V508.FILE944.PDS, moved to PDS/N008A06
2025-04-15 06:58:33.859659 - Found N008A07.txt (text/plain) in CBT.V508.FILE944.PDS, moved to PDS/N008A07
